[2025-03-18T10:33:58.127+0100][info][gc,init] CardTable entry size: 512
[2025-03-18T10:33:58.127+0100][info][gc     ] Using G1
[2025-03-18T10:33:58.130+0100][info][gc,init] Version: 21.0.6+8-LTS-188 (release)
[2025-03-18T10:33:58.130+0100][info][gc,init] CPUs: 8 total, 8 available
[2025-03-18T10:33:58.130+0100][info][gc,init] Memory: 16149M
[2025-03-18T10:33:58.130+0100][info][gc,init] Large Page Support: Disabled
[2025-03-18T10:33:58.130+0100][info][gc,init] NUMA Support: Disabled
[2025-03-18T10:33:58.130+0100][info][gc,init] Compressed Oops: Enabled (32-bit)
[2025-03-18T10:33:58.130+0100][info][gc,init] Heap Region Size: 1M
[2025-03-18T10:33:58.130+0100][info][gc,init] Heap Min Capacity: 512M
[2025-03-18T10:33:58.130+0100][info][gc,init] Heap Initial Capacity: 512M
[2025-03-18T10:33:58.131+0100][info][gc,init] Heap Max Capacity: 1G
[2025-03-18T10:33:58.131+0100][info][gc,init] Pre-touch: Disabled
[2025-03-18T10:33:58.131+0100][info][gc,init] Parallel Workers: 8
[2025-03-18T10:33:58.131+0100][info][gc,init] Concurrent Workers: 2
[2025-03-18T10:33:58.131+0100][info][gc,init] Concurrent Refinement Workers: 8
[2025-03-18T10:33:58.131+0100][info][gc,init] Periodic GC: Disabled
[2025-03-18T10:33:58.139+0100][info][gc,metaspace] CDS archive(s) mapped at: [0x00000189a9000000-0x00000189a9c90000-0x00000189a9c90000), size 13172736, SharedBaseAddress: 0x00000189a9000000, ArchiveRelocationMode: 1.
[2025-03-18T10:33:58.139+0100][info][gc,metaspace] Compressed class space mapped at: 0x00000189aa000000-0x00000189ea000000, reserved size: 1073741824
[2025-03-18T10:33:58.139+0100][info][gc,metaspace] Narrow klass base: 0x00000189a9000000, Narrow klass shift: 0, Narrow klass range: 0x100000000
[2025-03-18T10:34:00.809+0100][info][gc,heap,exit] Heap
[2025-03-18T10:34:00.809+0100][info][gc,heap,exit]  garbage-first heap   total 524288K, used 12290K [0x00000000c0000000, 0x0000000100000000)
[2025-03-18T10:34:00.809+0100][info][gc,heap,exit]   region size 1024K, 10 young (10240K), 0 survivors (0K)
[2025-03-18T10:34:00.809+0100][info][gc,heap,exit]  Metaspace       used 10002K, committed 10176K, reserved 1114112K
[2025-03-18T10:34:00.809+0100][info][gc,heap,exit]   class space    used 1128K, committed 1216K, reserved 1048576K
