[2025-03-15T22:47:51.598+0100][info][gc,init] CardTable entry size: 512
[2025-03-15T22:47:51.598+0100][info][gc     ] Using Parallel
[2025-03-15T22:47:51.598+0100][info][gc,init] Version: 21.0.6+8-LTS-188 (release)
[2025-03-15T22:47:51.598+0100][info][gc,init] CPUs: 8 total, 8 available
[2025-03-15T22:47:51.598+0100][info][gc,init] Memory: 16149M
[2025-03-15T22:47:51.598+0100][info][gc,init] Large Page Support: Disabled
[2025-03-15T22:47:51.598+0100][info][gc,init] NUMA Support: Disabled
[2025-03-15T22:47:51.598+0100][info][gc,init] Compressed Oops: Enabled (32-bit)
[2025-03-15T22:47:51.598+0100][info][gc,init] Alignments: Space 512K, Generation 512K, Heap 2M
[2025-03-15T22:47:51.598+0100][info][gc,init] Heap Min Capacity: 512M
[2025-03-15T22:47:51.598+0100][info][gc,init] Heap Initial Capacity: 512M
[2025-03-15T22:47:51.598+0100][info][gc,init] Heap Max Capacity: 1G
[2025-03-15T22:47:51.598+0100][info][gc,init] Pre-touch: Disabled
[2025-03-15T22:47:51.598+0100][info][gc,init] Parallel Workers: 8
[2025-03-15T22:47:51.614+0100][info][gc,metaspace] CDS archive(s) mapped at: [0x0000017900000000-0x0000017900c90000-0x0000017900c90000), size 13172736, SharedBaseAddress: 0x0000017900000000, ArchiveRelocationMode: 1.
[2025-03-15T22:47:51.614+0100][info][gc,metaspace] Compressed class space mapped at: 0x0000017901000000-0x0000017941000000, reserved size: 1073741824
[2025-03-15T22:47:51.614+0100][info][gc,metaspace] Narrow klass base: 0x0000017900000000, Narrow klass shift: 0, Narrow klass range: 0x100000000
[2025-03-15T22:48:09.567+0100][info][gc,heap,exit] Heap
[2025-03-15T22:48:09.567+0100][info][gc,heap,exit]  PSYoungGen      total 153088K, used 63240K [0x00000000eab00000, 0x00000000f5580000, 0x0000000100000000)
[2025-03-15T22:48:09.567+0100][info][gc,heap,exit]   eden space 131584K, 48% used [0x00000000eab00000,0x00000000ee8c2310,0x00000000f2b80000)
[2025-03-15T22:48:09.567+0100][info][gc,heap,exit]   from space 21504K, 0% used [0x00000000f4080000,0x00000000f4080000,0x00000000f5580000)
[2025-03-15T22:48:09.567+0100][info][gc,heap,exit]   to   space 21504K, 0% used [0x00000000f2b80000,0x00000000f2b80000,0x00000000f4080000)
[2025-03-15T22:48:09.567+0100][info][gc,heap,exit]  ParOldGen       total 349696K, used 0K [0x00000000c0000000, 0x00000000d5580000, 0x00000000eab00000)
[2025-03-15T22:48:09.567+0100][info][gc,heap,exit]   object space 349696K, 0% used [0x00000000c0000000,0x00000000c0000000,0x00000000d5580000)
[2025-03-15T22:48:09.567+0100][info][gc,heap,exit]  Metaspace       used 12763K, committed 12992K, reserved 1114112K
[2025-03-15T22:48:09.567+0100][info][gc,heap,exit]   class space    used 1351K, committed 1472K, reserved 1048576K
